Oups tu glisses#MrPropre
---------------------------------
mmmmmmmmmmmmmmmmmmmmmmmmmmmmmmmmm
        mmmmmmmmmmmmmmmmm        
         I     I I     I         
         I     I I     I         
mm       I     I I     I       mm
mmmmmmmm I  O  I I     I mmmmmmmm
mmmmmmmmmmm    I I    mmmmmmmmmmm
mmmmmmmmmmm   mmmmm   mmmmmmmmmmm
mmmmmmmmmmmm   I I   mmmmmmmmmmmm
mmmmmmmmmmmmmmmI Immmmmmmmmmmmmmm
mmmmmmmmmmmmmmmmmmmmmmmmmmmmmmmmm
mmmmmmmmmmmmmmmmmmmmmmmmmmmmmmmmm
---------------------------------
mmmmmmmmmmmmmmmmmmmmmmmmmmmmmmmmm
mm F   mmmmmmmmmmmmmmmmmmmmmmm   
   F   F  .mmm   mmm  mmmmm .    
   F   F  .  F  O           .    
mmmmmm F  .  F              . mmm
mmmmmmmmmm.mmmmm   mmmm   mm.mmmm
mmmmmmmmmm.mmmmm m mmmm m mm.mmmm
mmmmmmmmmm.vvvvv...vvvv...vv.mmmm
mmmmmmmmmm...................mmmm
mmmmmmmmmmmmmmmm...mmmm...mmmmmmm
mmmmmmmmmmmmmmmmXmXmmmmXmXmmmmmmm
mmmmmmmmmmmmmmmmmmmmmmmmmmmmmmmmm
---------------------------------
mmmmmmmmmmmmmmmmmmmmmmmmmmmmmmmmm
mmmmmmmmmmmmmmmmmmmmmmmmmmmmmmmmm
mmm     F Fmm  F  mm  F   F mmm  
mmF O   F F    F      F   F  Fm  
  F    mmmF  mmm      F   F  F  m
mmF     F F    F  mmm F mmF  F  m
mmmmmmmmF F    F mm   F   F mmmmm
mmmmmmmmmmmmm  F    mmmmmmmmmmmmm
mmmmmmmmmmmmmm F  mmmmmmmmmmmmmmm
mmmmmmmmmmmmmmmmmmmmmmmmmmmmmmmmm
mmmmmmmmmmmmmmmmmmmmmmmmmmmmmmmmm
mmmmmmmmmmmmmmmmmmmmmmmmmmmmmmmmm
---------------------------------
mmmmmmmmmmmmmmmmmmmmmmmmmmmmmmmmm
m         mmmm   mmmmmmmmmmmmmmmm
   Q  Q                    mmmmmm
   mmmm Q                     Fmm
m    mmmm    Q           O    F  
mm          mm                F m
mm              Q           mmmmm
mmmmmmmmmmmmmmmmm   Q       mmmmm
mmmmmmmmmmmmmmmmm   mmmm     mmmm
mmmmmmmmmmmmmmmm    mmmmm   mmmmm
mmmmmmmmmmmmmmmmmm  mmmmmm  mmmmm
wwwwwwwwwwwwwwwwwwwwwwwwwwwwwwwww
---------------------------------
mmmmmmmmmmmmmmmmmmmmmmmmmmmmmmmmm
mmmmmmmmmmfffff                mm
mmmmmmm  ffffff     mm           
mmmmmmm mmmffff   O              
mmmmmmm mmmmmmmm              mmm
  mmmmm mmmmmm        mmmmm   mmm
   fff   ffff       m  fff    mmm
mmmmmmmXXmmmmm   mmmmmmmmmmmmmmmm
mmmmmmmmmmmmmmmmmmmmmmmmmmmmmmmmm
mmmmmmmmmmmmmmmmmmmmmmmmmmmmmmmmm
mmmmmmmmmmmmmmmmmmmmmmmmmmmmmmmmm
mmmmmmmmmmmmmmmmmmmmmmmmmmmmmmmmm
---------------------------------
mmmmmmmmmmmmmmmmmmmmmmmmmmmmmmmmm
                O      F F     mm
                       F F     mm
                       F F      m
^^^^^^^^^^^^^^^^^^^^^^mmmmm     m
EEEEEEEEEEEEEEEEEEEEEEmmmmmmmm   
EEEEEEEEEEEEEEEEEEEEEEEEEmmmmmm  
EEEEEEEEEEEEEEEEEEEEEEEEEEEEEmmmm
EEEEEEEEEEEEEEEEEEEEEEEEEEEEEEmmm
EEEEEEEEEEEEEEEEEEEEEEEEEEEEEEEmm
EEEEEEEEEEEEEEEEEEEEEEEEEEEEEEEmm
EEEEEEEEEEEEEEEEEEEEEEEEEEEEEEEmm
---------------------------------