Destination finale#Mathieu
---------------------------------
@@@@@@@@@@@@@@@@@@@@@@@@@@@@@@@@@
                       _ @       
            @@@   ___            
       ___  @@@   ___  @@@       
       ___             @@@       
@@@@@@@@@@@@@@@@@@@@@@@@@@@@@@@@@
   @@@@@@@@@@@@@l@@@@@@@@@@@@@   
          @@@@@@x@@@@@@          
                                 
                                 
                                 
mmmmmmmmmmmmmmmmmmmmmmmmmmmmmmmmm
---------------------------------
                                 
                                 
                                 
                           KK KK 
                                 
@@@@@@@@@@@@@@@@@@@@@@@@@@@mm@mm@
   @@@@@@@@@@@@ll@@@@@@@@@@@@@   
          @@@@@xx@@@@@@          
                                 
                                 
                                 
                                 
---------------------------------
                                 
                                 
                                 
                                 
                                 
@@@@@@@@@@@@@@@@@@@@@@@@@@@@@@@@@
   @@@@@@@@@@@lll@@@@@@@@@@@@@   
          @@@@xxx@@@@@@          
                                 
                                 
                                 
                                 
---------------------------------
                                 
                                 
                                 
                                 
                                 
@@@@@@@@@@@@@@@@@@@@@@@@@@@@@@@@@
   @@@@@@@@@@llll@@@@@@@@@@@@@   
          @@@xxxx@@@@@@          
                                 
                                 
                                 
                                 
---------------------------------
                                 
   iiiiiiiiiiiiiiii              
   iiiiiiiiiiiiiiii              
                                 
     ```````````````````````     
@@@@@@@@@@@@@@@@@@@@@@@@@@@@@@@@@
@  @@@@@@@@@lllll@@@@@@@@@@@@@   
@         @@xxxxx@@@@@@          
@                                
@                                
@                                
@                                
---------------------------------
    @@@                          
     c                           
                                 
                                 
 @@^^^^^@@    @@@@               
 @@EEEEE@@    vvvv@@             
  @@@@@@@         vv@@           
  @@@@@@@           vv@@         
    @@@               @@@@       
@@@@@@@@@@@@@@@@@@@@@@@@@@@@     
@@@@@@@@@@@@@@@@@@@@@@@@@@@@@@   
@@@@@@@@@@@@@@@@@@@@@@@@@@@@@@@@@
---------------------------------
