Empty#Invisible_man
---------------------------------
@@@@@@@@@@@@@@@@@@@@@@@@@@@@@@@@@
@@@@@@@@@@@@@@@@@@@@@@@@@@@@@@@@@
                @                
                C                
                                 
         iiiiiiiiiiiiiiiii       
         iiiiiiiiiiiiiiiii       
         `````````````````       
@@@@@@@@@@@@@@@@@@@@@@@@@@@@@@@@@
@@@@@@@@@@@@@@@@@@@@@@@@@@@@@@@@@
@@@@@@@@@@@@@@@@@@@@@@@@@@@@@@@@@
@@@@@@@@@@@@@@@@@@@@@@@@@@@@@@@@@
---------------------------------
@@@@@@@@@@@@@@@@@@@@@@@@@@@@@@@@@
@@@@@@@@@@@@@@@@@@@@@@@@@@@@@@@@@
         iiiiiiiiiiiiiiiii       
         iiiiiiiiiiiiiiiii       
                          @      
                          @@     
                          @@@    
                          @@@@   
@@@@@@@@@@@@@@@@@@@@@@@XX@@@@@@@@
@@@@@@@@@@@@@@@@@@@@@@@@@@@@@@@@@
@@@@@@@@@@@@@@@@@@@@@@@@@@@@@@@@@
@@@@@@@@@@@@@@@@@@@@@@@@@@@@@@@@@
---------------------------------
@@@@@@@@@@@@@@@@@@@@@@@@@@@@@@@@@
@@@@@@@@@@@@@@@@@@@@@@@@@@@@@@@@@
                                 
                                 
                       @         
                                 
                                 
                       K         
@@@@@@@@@@@@@@@@@@@@@@@m@@@@@@@@@
@@@@@@@@@@@@@@@@@@@@@@@@@@@@@@@@@
@@@@@@@@@@@@@@@@@@@@@@@@@@@@@@@@@
@@@@@@@@@@@@@@@@@@@@@@@@@@@@@@@@@
---------------------------------
@@@@@@@@@@@@@@@@@@@@@@@@@@@@@@@@@
@@@@@@@@@@@@@@@@@@@@@@@@@@@@@@@@@
                                 
                                 
                                 
                                 
                                 
                                 
@@@@@@@@@@@@@@@@@@@@@@@@@@@@@@@@@
@@@@@@@@@@@@@@@@@@@@@@@@@@@@@@@@@
@@@@@@@@@@@@@@@@@@@@@@@@@@@@@@@@@
@@@@@@@@@@@@@@@@@@@@@@@@@@@@@@@@@
---------------------------------
@@@@@@@@@@@@@@@@@@@@@@@@@@@@@@@@@
@@@@@@@@@@@@@@@@@@@@@@@@@@@@@@@@@
                                 
                                 
                                 
                                 
                                 
                                 
@@@@@@@@@@@@@@@@@@@@@@@@@@@@@@@@@
@@@@@@@@@@@@@@@@@@@@@@@@@@@@@@@@@
@@@@@@@@@@@@@@@@@@@@@@@@@@@@@@@@@
@@@@@@@@@@@@@@@@@@@@@@@@@@@@@@@@@
---------------------------------
@@@@@@@@@@@@@@@@@@@@@@@@@@@@@@@@@
@@@@@@@@@@@@@@@@@@@@@@@@@@@@@@@@@
                                 
                                 
                                 
                                 
                                 
                                 
^^^^^^^^^^^^^^^^^^^^^^^@@@@@@@@@@
EEEEEEEEEEEEEEEEEEEEEEEE@@@@@@@@@
EEEEEEEEEEEEEEEEEEEEEEEEEE@@@@@@@
EEEEEEEEEEEEEEEEEEEEEEEEEEEE@@@@@
---------------------------------
