Oups tu glisses#MrPropre
---------------------------------
                                 
                O                
                                 
@@@@@                       @@@@@
(  )@                       @(  )
~~~~@                       @~~~~
~~~~@K                     K@~~~~
~~~~@                       @~~~~
~~~~@mm@@@@@@@@@@@@@@@@@@@mm@~~~~
~~~~                         ~~~~
~~~~                         ~~~~
wwwwwwwwwwwwwwwwwwwwwwwwwwwwwwwww
---------------------------------
@c@@@@@@@@@@@@@@@@@@@@@@v@@@@@@@@
     @@@@@@@@@@@@@@@@@@@c @@@@@@@
@     @@@@@@@@@@@@@@@@@          
@        @@@@@@@@@@@@@  @@@@@@@@@
@        @@@@@@@@@@@@@@   @   @ @
@@ @@@@@@@@@@@@@@@@@@@  @   @   @
@@ @@@@@@@@@@@@@@@@@@@@   @   @ @
@   @@@@   @@@@@@@@@@@@@@@@@@@@ @
@@ @@@       @@@@@@@@@@@@@@@@@@ @
@@                               
@@@@@@@@   @@@@@@@@@@@@@@@@@@@@X@
@@@@@@@@www@@@@@@@@@@@@@@@@@@@@@@
---------------------------------
       @@@@@@@@@@@@@@@@@@@@@@@@@@
       @@@@@@@@@@@@@@@@@@@@      
       w       w       w        @
       w@  @@  w@  @@  w@      @ 
           w       w          @  
@   @@@@@@@w@@@@@@@w@@@@@@@@@@   
  @                              
@   @                            
    @                            
  @                              
@                                
                                 
---------------------------------
  @@          @@@@@@@@@@@@@@@@@@@
              @@@@@@@@@@@@@@@@@@@
@@@@       @@@@@@@@@@@@@@@@@@@@@@
@@@@@   @     @@@@@@@@@@@@@@@@@@@
@           O @@@@@@@@@@@@@@@@@@@
@   @         @@@@@@@@@@@@@@@@@@@
@             @     @     @     @
@   m         @  @  @  @  @  @  @
@             @  @  @  @  @  @  @
@   @            @     @     @   
@@@@@@@@@@@@ @@@@@@@@@@@@@@@@@@@@
            w                    
---------------------------------
                                 
                                 
                                 
                                 
                                 
                              @@@
                            @@@@ 
       c        c         @@@@   
                        @@@@     
                     @@@@@       
                  @@@@@          
@@@@@@@@@@@@@@@@@@@@@            
---------------------------------
                                 
                                 
                                 
                                 
                                 
                                 
                                 
      @   @  @@@  @   @          
@     @ @ @  @ @  @ @ @          
@      @ @   @@@   @ @           
@                                
@EE@@@@@@@@@@@@@@@@@@@@@@@@@@@@@@
---------------------------------