Oups tu glisses#MrPropre
---------------------------------
                                 
                O                
                                 
@@@@@                       @@@@@
(  )@                       @(  )
~~~~@                       @~~~~
~~~~@K                     K@~~~~
~~~~@                       @~~~~
~~~~@mm@@@@@@@@@@@@@@@@@@@mm@~~~~
@~~~                         ~~~@
~~~~                         ~~~~
wwwwwwwwwwwwwwwwwwwwwwwwwwwwwwwww
---------------------------------
@c@@@@@@@@@@@@@@@@@@@@@@v@@@@@@@@
     @@@@@@@@@@@@@@@@@@@c @@@@@@@
@     @@@@@@@@@@@@@@@@@          
@      @@@@@@@@@@@@@@@  @@@@@@@@@
@      @@@@@@@@@@@@@@@@   @   @ @
@@ @@@@@@@@@@@@@@@@@@@  @   @   @
@@ @@@@@@@@@@@@@@@@@@@@   @   @ @
@   @K     @@@@@@@@@@@@@@@@@@@@ @
@@ @m@        @@@@@@@@@@@@@@@@@ @
@@                              
@@@@@@@@   @@@@@@@@@@@@@@@@@@@@X@
@@@@@@@@www@@@@@@@@@@@@@@@@@@@@@@
---------------------------------
       @@@@@@@@@@@@@@@@@@@@@@@@@@
       @@@@@@@@@@@@@@@@@@@@      
               w       w        @
           @@  w@  @@  w@  w   @ 
           w       w          @  
@       @@@w@@@@@@@w@@@@@@@w@@   
  @                              
@   @  @                         
                                 
  @       @                      
@     @                          
       @                         
---------------------------------
  @@          @@@@@@@@@@@@@@@@@@@
              @@@@@@@@@@@@@@@@@@@
@@@@       @@@@@@@@@@@@@@@@@@@@@@
@@@@@   @     @@@@@@@@@@@@@@@@@@@
@           O @@@@@@@@@@@@@@@@@@@
@   @         @@@@@@@@@@@@@@@@@@@
@             @     @     @     @
@   m       ~ @  @  @  @  @  @  @
@           ~ @  @  @  @  @  @  @
@   @       ~    @     @     @   
@@@@@@@@@@@@~@@@@@@@@@@@@@@@@@@@@
@@@@@@@@@@@@w@@@@@@@@@@@@@@@@@@@@
---------------------------------
                     @          
                    @@@         
@      c          @@@@@@@
@                @@@ @ @@@       
@              @@@             
                       @@@@@@@@@@
     m@@@@@@@@@@@@      @@@SSSSSS
            @SSSS@@@   @@@Swwwwww
wwwwwwwwwwwwwwwwwS@@@m@@@Swwwwwww
wwwwwwwwwwwwwwwwwwSSSSSSSwwwwwwww
wwwwwwwwwwwwwwwwwwwwwwwwwwwwwwwww
wwwwwwwwwwwwwwwwwwwwwwwwwwwwwwwww             
---------------------------------
                                 
                                 
        @@@@@@@@@@@@@@@@@@@@@@@@@
                                @
                                @
                                @
                                @
                                @
                                @
                                @
 X X                            @
wXEXwwwwwwwwwwwwwwwwwwwww@@@@@@@@
---------------------------------
