OmniSkill#Laminor
---------------------------------
@   :@@@@@@@@@@@@@@@@@@@@@@@:   @
@   : @@@+   + @@@      @@@ :   @
@   : @@@@---@  :  @---@@@@ :   @
@   @ III    :  :  :    III @   @
@     @@@  @@@  @  @@@  @@@     @
@m    @@@               @@@    m@
  +   III    @--@--@   +III      
@@@@@@X@@@@@X@  C  @X@@@@@X@@@@@@
@@@@Q@@@@@@@@@     @@@@@@@@@+@@@@
@+@@X@@@@@@@Q@     @Q@@@@@@@X@@Q@
@X@@@@@@@@@@X@     @X@@@@@@@@@@X@
@@@@@@@@@@@@@@ mmm @@@@@@@@@@@@@@
---------------------------------
@@@@@@@@@@@@@@@@@@@@@@@@@@@@@@@@@
@     FQ   HH    F   @@@@@@@@@@@@
@   # @@ # HH   @@  +@@@@@@@@@@@@
@ #   F    m@    F  @@  @@@  @@@@
vQ    @@#  HH   m@--@    c    @@@
  +   F    m@ #  F               
@@@---@@ #   #  @@  @ G     G @+ 
@@@   #   #@@       @@       @@@@
@@@ #       #   # Q @@@ +   @@@@@
@@@   # # #    #  @@@@@@@@@@@@@@@
@@@       #       @@@@@@@@@@@@@@@
@@@X@@XXXXXXXXXXXX@@@@@@@@@@@@@@@
---------------------------------
@@@@@@@@@@@@@@@@@@@@@@@@@@@@@@@@@
@@@@@@@@@@@@@@    K@K   @@@@@@@@@
@@@@@@@@@@@       X X    @@@@@@@@
@@@@@+@@@@   ~     mv     @@@@@@@
vv  @X@    A ~     c      @@@vvvv
     @   ~   ~                   
@@     A ~   ~       @@@@X@@@@@@@
@@       ~   ~       @@@@@@@@@@@@
         ~   ~      @@@Q@@@@@@@@@
@@m@@@@m@~@m@~@@ @@@@@@X@@@@+@@@@
@@@@@@@@@~@@@~ @ @@@@@@@@@@@X@@@@
@@@@@@@@wwwwwww@@@@@@@@@@@@@@@@@@
---------------------------------
@@@@@@@@@@@@@@@@ @@@@@@@@@@@@@@@@
@@@@@@@@@@@@@@@@ @@@@@@@@@@@@@@@@
@@@@@@@  #  # @@ @@@@@@@@@@@@@@@@
    I @   #   @@#@@@@@@ SSSS  @@@
  + I  #    # @@ @@@@@  SPPS   vv
@@@@@@        @@ @@@@   SPPS     
@@@@@@    #N       II   SSSS @m@@
@@@@@+K #         #II   @@mm@@ @@
@@@@@Xmm@@@X +#    II    ++      
@@@@@@@@@@@@@@@ K @@@@@@@@@@@@@@@
@@@@@@@@@@@@@@@ m @@@@@@@@@@@@@@@
@@@@@@@@@@wwwwww@wwwwww@@@@@@@@@@
---------------------------------
()        @                      
@@       K@K                     
         X@X          O          
          +                      
@@        @                      
@@        @           @@@@      @
@@       !@!                    @
@@       vvv      @@@@    @@@@  @
@                               @
@  m@@@@@@ @@@@@@@       @@@  @@@
@ww@@@@@     @@@@@    XXXX@@  @@@
@ww@@@@  mXm  @@@@XXXXXXXX@@XX@@@
---------------------------------
          @@@                   @
           S@+++++++    @       @
     O      @@@@@@@@^^^^@        
                   @@@@@@        
                               @@
                  @^^^^^^@@@@@@@@
       @^^^^^^^^^^@EEEEEE@@@@@@@@
^^^^^^^@EEEEEEEEEE@EEEE@@@@@@@@@@
EEEEEEE@EEEEEEEEEE@EEE@@@@@@@@@@@
EEEEEEE@EEEEEEEEEE@E@@@@@@@@@@@@@
EEEEEEE@EEEE@@@@@@@@@@@@@@@@@@@@@
EEEEEE@@@@@@@@@@@@@@@@@@@@@@@@@@@
---------------------------------
