Empty11#Invisible_man
---------------------------------
                                 
                                 
                                 
          @                      
          @                      
          @                      
          @                      
          @                      
@@@@@@@@@@@@@@@@@@@@@@@@@@@@@@@@@
                                 
                                 
                                 
---------------------------------
@@@@@@@@@@@@@@@@@@@@@@@@@@@@@@@@@
@@@@@@@@@@@@@@@@@@@@@@@@@@@@@@@@@
                    @            
                                 
                    @            
                   @@@@         @
            @      @@@@    @@@  @
            @  @@@@@@@@    @@@  @
@@@@@@@@@   @  @@@@@@@@    @@@ @@
@@@@@@@@@@@ @ @@@@@@@@@@@@@@@@@@@
@@@@@@@@@@@@@@@@@@@@@@@@@@@@@@@@@
@@@@@@@@@@@@@@@@@@@@@@@@@@@@@@@@@
---------------------------------
@@@@@@@@@@@@@@@@@@@@@@@@@@@@@@@@@
@@@@@@@@@@@@@@@@@@@@@@@@@@@@@@@@@
                                 
                                 
                                 
                                 
                                 
                                 
@@@@@@@@@@@@@@@@@@@@@@@@@@@@@@@@@
@@@@@@@@@@@@@@@@@@@@@@@@@@@@@@@@@
@@@@@@@@@@@@@@@@@@@@@@@@@@@@@@@@@
@@@@@@@@@@@@@@@@@@@@@@@@@@@@@@@@@
---------------------------------
@@@@@@@@@@@@@@@@@@@@@@@@@@@@@@@@@
@@@@@@@@@@@@@@@@@@@@@@@@@@@@@@@@@
                                 
                                 
                                 
                                 
                                 
                                 
@@@@@@@@@@@@@@@@@@@@@@@@@@@@@@@@@
@@@@@@@@@@@@@@@@@@@@@@@@@@@@@@@@@
@@@@@@@@@@@@@@@@@@@@@@@@@@@@@@@@@
@@@@@@@@@@@@@@@@@@@@@@@@@@@@@@@@@
---------------------------------
@@@@@@@@@@@@@@@@@@@@@@@@@@@@@@@@@
@@@@@@@@@@@@@@@@@@@@@@@@@@@@@@@@@
                                 
                                 
                                 
                                 
                                 
                                 
@@@@@@@@@@@@@@@@@@@@@@@@@@@@@@@@@
@@@@@@@@@@@@@@@@@@@@@@@@@@@@@@@@@
@@@@@@@@@@@@@@@@@@@@@@@@@@@@@@@@@
@@@@@@@@@@@@@@@@@@@@@@@@@@@@@@@@@
---------------------------------
@@@@@@@@@@@@@@@@@@@@@@@@@@@@@@@@@
@@@@@@@@@@@@@@@@@@@@@@@@@@@@@@@@@
                                 
                                 
                                 
                                 
                                 
                                 
^^^^^^^^^^^^^^^^^^^^^^^@@@@@@@@@@
EEEEEEEEEEEEEEEEEEEEEEEE@@@@@@@@@
EEEEEEEEEEEEEEEEEEEEEEEEEE@@@@@@@
EEEEEEEEEEEEEEEEEEEEEEEEEEEE@@@@@
---------------------------------
